

================================================================
== Vitis HLS Report for 'fir'
================================================================
* Date:           Sun Apr  2 18:30:24 2023

* Version:        2022.1 (Build 3526262 on Mon Apr 18 15:48:16 MDT 2022)
* Project:        fir128_best
* Solution:       merge (Vivado IP Flow Target)
* Product family: zynq
* Target device:  xc7z020-clg400-1


================================================================
== Performance Estimates
================================================================
+ Timing: 
    * Summary: 
    +--------+----------+----------+------------+
    |  Clock |  Target  | Estimated| Uncertainty|
    +--------+----------+----------+------------+
    |ap_clk  |  10.00 ns|  7.134 ns|     2.70 ns|
    +--------+----------+----------+------------+

+ Latency: 
    * Summary: 
    +---------+---------+-----------+-----------+-----+-----+---------+
    |  Latency (cycles) |   Latency (absolute)  |  Interval | Pipeline|
    |   min   |   max   |    min    |    max    | min | max |   Type  |
    +---------+---------+-----------+-----------+-----+-----+---------+
    |        5|        5|  50.000 ns|  50.000 ns|    1|    1|      yes|
    +---------+---------+-----------+-----------+-----+-----+---------+

    + Detail: 
        * Instance: 
        N/A

        * Loop: 
        N/A



================================================================
== Utilization Estimates
================================================================
* Summary: 
+-----------------+---------+-----+--------+-------+-----+
|       Name      | BRAM_18K| DSP |   FF   |  LUT  | URAM|
+-----------------+---------+-----+--------+-------+-----+
|DSP              |        -|   24|       -|      -|    -|
|Expression       |        -|    -|       0|   3402|    -|
|FIFO             |        -|    -|       -|      -|    -|
|Instance         |        -|    -|       -|      -|    -|
|Memory           |        -|    -|       -|      -|    -|
|Multiplexer      |        -|    -|       -|      -|    -|
|Register         |        -|    -|    3225|    640|    -|
+-----------------+---------+-----+--------+-------+-----+
|Total            |        0|   24|    3225|   4042|    0|
+-----------------+---------+-----+--------+-------+-----+
|Available        |      280|  220|  106400|  53200|    0|
+-----------------+---------+-----+--------+-------+-----+
|Utilization (%)  |        0|   10|       3|      7|    0|
+-----------------+---------+-----+--------+-------+-----+

+ Detail: 
    * Instance: 
    N/A

    * DSP: 
    +----------------------------------+------------------------------+--------------+
    |             Instance             |            Module            |  Expression  |
    +----------------------------------+------------------------------+--------------+
    |mac_muladd_8s_4ns_11s_13_4_1_U2   |mac_muladd_8s_4ns_11s_13_4_1  |  i0 * i1 + i2|
    |mac_muladd_8s_4ns_11s_13_4_1_U7   |mac_muladd_8s_4ns_11s_13_4_1  |  i0 + i1 * i2|
    |mac_muladd_8s_4ns_11s_13_4_1_U10  |mac_muladd_8s_4ns_11s_13_4_1  |  i0 * i1 + i2|
    |mac_muladd_8s_4ns_11s_13_4_1_U15  |mac_muladd_8s_4ns_11s_13_4_1  |  i0 + i1 * i2|
    |mac_muladd_8s_4ns_11s_13_4_1_U18  |mac_muladd_8s_4ns_11s_13_4_1  |  i0 * i1 + i2|
    |mac_muladd_8s_4ns_11s_13_4_1_U23  |mac_muladd_8s_4ns_11s_13_4_1  |  i0 + i1 * i2|
    |mac_muladd_8s_4ns_12s_13_4_1_U1   |mac_muladd_8s_4ns_12s_13_4_1  |  i0 + i1 * i2|
    |mac_muladd_8s_4ns_12s_13_4_1_U8   |mac_muladd_8s_4ns_12s_13_4_1  |  i0 * i1 + i2|
    |mac_muladd_8s_4ns_12s_13_4_1_U9   |mac_muladd_8s_4ns_12s_13_4_1  |  i0 + i1 * i2|
    |mac_muladd_8s_4ns_12s_13_4_1_U16  |mac_muladd_8s_4ns_12s_13_4_1  |  i0 * i1 + i2|
    |mac_muladd_8s_4ns_12s_13_4_1_U17  |mac_muladd_8s_4ns_12s_13_4_1  |  i0 + i1 * i2|
    |mac_muladd_8s_4ns_4ns_12_4_1_U24  |mac_muladd_8s_4ns_4ns_12_4_1  |  i0 * i1 + i2|
    |mac_muladd_8s_5s_12s_13_4_1_U3    |mac_muladd_8s_5s_12s_13_4_1   |  i0 + i1 * i2|
    |mac_muladd_8s_5s_12s_13_4_1_U4    |mac_muladd_8s_5s_12s_13_4_1   |  i0 * i1 + i2|
    |mac_muladd_8s_5s_12s_13_4_1_U5    |mac_muladd_8s_5s_12s_13_4_1   |  i0 + i1 * i2|
    |mac_muladd_8s_5s_12s_13_4_1_U6    |mac_muladd_8s_5s_12s_13_4_1   |  i0 * i1 + i2|
    |mac_muladd_8s_5s_12s_13_4_1_U11   |mac_muladd_8s_5s_12s_13_4_1   |  i0 + i1 * i2|
    |mac_muladd_8s_5s_12s_13_4_1_U12   |mac_muladd_8s_5s_12s_13_4_1   |  i0 * i1 + i2|
    |mac_muladd_8s_5s_12s_13_4_1_U13   |mac_muladd_8s_5s_12s_13_4_1   |  i0 + i1 * i2|
    |mac_muladd_8s_5s_12s_13_4_1_U14   |mac_muladd_8s_5s_12s_13_4_1   |  i0 * i1 + i2|
    |mac_muladd_8s_5s_12s_13_4_1_U19   |mac_muladd_8s_5s_12s_13_4_1   |  i0 + i1 * i2|
    |mac_muladd_8s_5s_12s_13_4_1_U20   |mac_muladd_8s_5s_12s_13_4_1   |  i0 * i1 + i2|
    |mac_muladd_8s_5s_12s_13_4_1_U21   |mac_muladd_8s_5s_12s_13_4_1   |  i0 + i1 * i2|
    |mac_muladd_8s_5s_12s_13_4_1_U22   |mac_muladd_8s_5s_12s_13_4_1   |  i0 * i1 + i2|
    +----------------------------------+------------------------------+--------------+

    * Memory: 
    N/A

    * FIFO: 
    N/A

    * Expression: 
    +--------------------------+----------+----+---+----+------------+------------+
    |       Variable Name      | Operation| DSP| FF| LUT| Bitwidth P0| Bitwidth P1|
    +--------------------------+----------+----+---+----+------------+------------+
    |acc_2_fu_4781_p2          |         +|   0|  0|  13|          13|          13|
    |acc_fu_6404_p2            |         +|   0|  0|  26|          19|          19|
    |add_ln46_1_fu_4771_p2     |         +|   0|  0|  12|          12|          12|
    |add_ln46_fu_4761_p2       |         +|   0|  0|  12|          12|          12|
    |add_ln49_100_fu_5268_p2   |         +|   0|  0|  20|          15|          15|
    |add_ln49_101_fu_5147_p2   |         +|   0|  0|  14|          13|          13|
    |add_ln49_102_fu_5157_p2   |         +|   0|  0|  14|          13|          13|
    |add_ln49_103_fu_5167_p2   |         +|   0|  0|  17|          14|          14|
    |add_ln49_104_fu_5173_p2   |         +|   0|  0|  14|          13|          13|
    |add_ln49_105_fu_5183_p2   |         +|   0|  0|  14|          13|          13|
    |add_ln49_106_fu_5193_p2   |         +|   0|  0|  17|          14|          14|
    |add_ln49_107_fu_5284_p2   |         +|   0|  0|  20|          15|          15|
    |add_ln49_108_fu_5294_p2   |         +|   0|  0|  23|          16|          16|
    |add_ln49_109_fu_5199_p2   |         +|   0|  0|  14|          13|          13|
    |add_ln49_10_fu_4869_p2    |         +|   0|  0|  14|          13|          13|
    |add_ln49_110_fu_5209_p2   |         +|   0|  0|  14|          13|          13|
    |add_ln49_111_fu_5219_p2   |         +|   0|  0|  17|          14|          14|
    |add_ln49_112_fu_5225_p2   |         +|   0|  0|  14|          13|          13|
    |add_ln49_114_fu_6198_p2   |         +|   0|  0|  17|          14|          14|
    |add_ln49_115_fu_6208_p2   |         +|   0|  0|  20|          15|          15|
    |add_ln49_117_fu_5231_p2   |         +|   0|  0|  11|          11|          11|
    |add_ln49_118_fu_6217_p2   |         +|   0|  0|  14|          13|          13|
    |add_ln49_11_fu_4879_p2    |         +|   0|  0|  14|          13|          13|
    |add_ln49_121_fu_6229_p2   |         +|   0|  0|  14|          13|          13|
    |add_ln49_122_fu_6238_p2   |         +|   0|  0|  17|          14|          14|
    |add_ln49_123_fu_6372_p2   |         +|   0|  0|  23|          16|          16|
    |add_ln49_124_fu_6382_p2   |         +|   0|  0|  24|          17|          17|
    |add_ln49_125_fu_6392_p2   |         +|   0|  0|  25|          18|          18|
    |add_ln49_12_fu_4889_p2    |         +|   0|  0|  17|          14|          14|
    |add_ln49_13_fu_4899_p2    |         +|   0|  0|  20|          15|          15|
    |add_ln49_14_fu_5256_p2    |         +|   0|  0|  23|          16|          16|
    |add_ln49_15_fu_4905_p2    |         +|   0|  0|  14|          13|          13|
    |add_ln49_16_fu_4915_p2    |         +|   0|  0|  14|          13|          13|
    |add_ln49_17_fu_4925_p2    |         +|   0|  0|  17|          14|          14|
    |add_ln49_18_fu_4931_p2    |         +|   0|  0|  14|          13|          13|
    |add_ln49_1_fu_4797_p2     |         +|   0|  0|  14|          13|          13|
    |add_ln49_20_fu_5903_p2    |         +|   0|  0|  17|          14|          14|
    |add_ln49_21_fu_5913_p2    |         +|   0|  0|  20|          15|          15|
    |add_ln49_23_fu_4937_p2    |         +|   0|  0|  11|          11|          11|
    |add_ln49_24_fu_5922_p2    |         +|   0|  0|  14|          13|          13|
    |add_ln49_27_fu_5937_p2    |         +|   0|  0|  17|          14|          14|
    |add_ln49_28_fu_5947_p2    |         +|   0|  0|  20|          15|          15|
    |add_ln49_29_fu_6253_p2    |         +|   0|  0|  23|          16|          16|
    |add_ln49_2_fu_4807_p2     |         +|   0|  0|  17|          14|          14|
    |add_ln49_30_fu_6263_p2    |         +|   0|  0|  24|          17|          17|
    |add_ln49_31_fu_4943_p2    |         +|   0|  0|  14|          13|          13|
    |add_ln49_32_fu_4953_p2    |         +|   0|  0|  14|          13|          13|
    |add_ln49_33_fu_4963_p2    |         +|   0|  0|  17|          14|          14|
    |add_ln49_34_fu_4969_p2    |         +|   0|  0|  14|          13|          13|
    |add_ln49_36_fu_5962_p2    |         +|   0|  0|  17|          14|          14|
    |add_ln49_37_fu_5972_p2    |         +|   0|  0|  20|          15|          15|
    |add_ln49_39_fu_4975_p2    |         +|   0|  0|  11|          11|          11|
    |add_ln49_3_fu_4813_p2     |         +|   0|  0|  14|          13|          13|
    |add_ln49_40_fu_5981_p2    |         +|   0|  0|  14|          13|          13|
    |add_ln49_43_fu_5996_p2    |         +|   0|  0|  17|          14|          14|
    |add_ln49_44_fu_6006_p2    |         +|   0|  0|  20|          15|          15|
    |add_ln49_45_fu_6279_p2    |         +|   0|  0|  23|          16|          16|
    |add_ln49_46_fu_4981_p2    |         +|   0|  0|  14|          13|          13|
    |add_ln49_47_fu_4991_p2    |         +|   0|  0|  14|          13|          13|
    |add_ln49_48_fu_5001_p2    |         +|   0|  0|  17|          14|          14|
    |add_ln49_49_fu_5007_p2    |         +|   0|  0|  14|          13|          13|
    |add_ln49_4_fu_4823_p2     |         +|   0|  0|  14|          13|          13|
    |add_ln49_51_fu_6021_p2    |         +|   0|  0|  17|          14|          14|
    |add_ln49_52_fu_6031_p2    |         +|   0|  0|  20|          15|          15|
    |add_ln49_54_fu_5013_p2    |         +|   0|  0|  11|          11|          11|
    |add_ln49_55_fu_6040_p2    |         +|   0|  0|  14|          13|          13|
    |add_ln49_58_fu_6055_p2    |         +|   0|  0|  17|          14|          14|
    |add_ln49_59_fu_6065_p2    |         +|   0|  0|  20|          15|          15|
    |add_ln49_5_fu_4833_p2     |         +|   0|  0|  17|          14|          14|
    |add_ln49_60_fu_6295_p2    |         +|   0|  0|  23|          16|          16|
    |add_ln49_61_fu_6305_p2    |         +|   0|  0|  24|          17|          17|
    |add_ln49_62_fu_6315_p2    |         +|   0|  0|  25|          18|          18|
    |add_ln49_63_fu_5019_p2    |         +|   0|  0|  14|          13|          13|
    |add_ln49_64_fu_5029_p2    |         +|   0|  0|  14|          13|          13|
    |add_ln49_65_fu_5039_p2    |         +|   0|  0|  17|          14|          14|
    |add_ln49_66_fu_5045_p2    |         +|   0|  0|  14|          13|          13|
    |add_ln49_68_fu_6080_p2    |         +|   0|  0|  17|          14|          14|
    |add_ln49_69_fu_6090_p2    |         +|   0|  0|  20|          15|          15|
    |add_ln49_6_fu_5243_p2     |         +|   0|  0|  20|          15|          15|
    |add_ln49_71_fu_5051_p2    |         +|   0|  0|  11|          11|          11|
    |add_ln49_72_fu_6099_p2    |         +|   0|  0|  14|          13|          13|
    |add_ln49_75_fu_6114_p2    |         +|   0|  0|  17|          14|          14|
    |add_ln49_76_fu_6124_p2    |         +|   0|  0|  20|          15|          15|
    |add_ln49_77_fu_6327_p2    |         +|   0|  0|  23|          16|          16|
    |add_ln49_78_fu_5057_p2    |         +|   0|  0|  14|          13|          13|
    |add_ln49_79_fu_5067_p2    |         +|   0|  0|  14|          13|          13|
    |add_ln49_7_fu_4839_p2     |         +|   0|  0|  14|          13|          13|
    |add_ln49_80_fu_5077_p2    |         +|   0|  0|  17|          14|          14|
    |add_ln49_81_fu_5083_p2    |         +|   0|  0|  14|          13|          13|
    |add_ln49_83_fu_6139_p2    |         +|   0|  0|  17|          14|          14|
    |add_ln49_84_fu_6149_p2    |         +|   0|  0|  20|          15|          15|
    |add_ln49_86_fu_5089_p2    |         +|   0|  0|  11|          11|          11|
    |add_ln49_87_fu_6158_p2    |         +|   0|  0|  14|          13|          13|
    |add_ln49_8_fu_4849_p2     |         +|   0|  0|  14|          13|          13|
    |add_ln49_90_fu_6173_p2    |         +|   0|  0|  17|          14|          14|
    |add_ln49_91_fu_6183_p2    |         +|   0|  0|  20|          15|          15|
    |add_ln49_92_fu_6343_p2    |         +|   0|  0|  23|          16|          16|
    |add_ln49_93_fu_6353_p2    |         +|   0|  0|  24|          17|          17|
    |add_ln49_94_fu_5095_p2    |         +|   0|  0|  14|          13|          13|
    |add_ln49_95_fu_5105_p2    |         +|   0|  0|  14|          13|          13|
    |add_ln49_96_fu_5115_p2    |         +|   0|  0|  17|          14|          14|
    |add_ln49_97_fu_5121_p2    |         +|   0|  0|  14|          13|          13|
    |add_ln49_98_fu_5131_p2    |         +|   0|  0|  14|          13|          13|
    |add_ln49_99_fu_5141_p2    |         +|   0|  0|  17|          14|          14|
    |add_ln49_9_fu_4859_p2     |         +|   0|  0|  17|          14|          14|
    |add_ln49_fu_4787_p2       |         +|   0|  0|  13|          13|          13|
    |ret_V_10_fu_1085_p2       |         +|   0|  0|  12|          12|          12|
    |ret_V_11_fu_1129_p2       |         +|   0|  0|  12|          12|          12|
    |ret_V_12_fu_1173_p2       |         +|   0|  0|  12|          12|          12|
    |ret_V_13_fu_1217_p2       |         +|   0|  0|  12|          12|          12|
    |ret_V_14_fu_1261_p2       |         +|   0|  0|  12|          12|          12|
    |ret_V_15_fu_1305_p2       |         +|   0|  0|  12|          12|          12|
    |ret_V_16_fu_1349_p2       |         +|   0|  0|  12|          12|          12|
    |ret_V_17_fu_1393_p2       |         +|   0|  0|  12|          12|          12|
    |ret_V_18_fu_1437_p2       |         +|   0|  0|  12|          12|          12|
    |ret_V_19_fu_1481_p2       |         +|   0|  0|  12|          12|          12|
    |ret_V_1_fu_689_p2         |         +|   0|  0|  12|          12|          12|
    |ret_V_20_fu_1525_p2       |         +|   0|  0|  12|          12|          12|
    |ret_V_21_fu_5322_p2       |         +|   0|  0|  12|          12|          12|
    |ret_V_2_fu_733_p2         |         +|   0|  0|  12|          12|          12|
    |ret_V_3_fu_777_p2         |         +|   0|  0|  12|          12|          12|
    |ret_V_46_fu_5494_p2       |         +|   0|  0|  12|          12|          12|
    |ret_V_47_fu_2189_p2       |         +|   0|  0|  12|          12|          12|
    |ret_V_48_fu_2233_p2       |         +|   0|  0|  12|          12|          12|
    |ret_V_49_fu_2277_p2       |         +|   0|  0|  12|          12|          12|
    |ret_V_4_fu_821_p2         |         +|   0|  0|  12|          12|          12|
    |ret_V_50_fu_2321_p2       |         +|   0|  0|  12|          12|          12|
    |ret_V_51_fu_2365_p2       |         +|   0|  0|  12|          12|          12|
    |ret_V_52_fu_2409_p2       |         +|   0|  0|  12|          12|          12|
    |ret_V_53_fu_5526_p2       |         +|   0|  0|  12|          12|          12|
    |ret_V_5_fu_865_p2         |         +|   0|  0|  12|          12|          12|
    |ret_V_6_fu_909_p2         |         +|   0|  0|  12|          12|          12|
    |ret_V_78_fu_5698_p2       |         +|   0|  0|  12|          12|          12|
    |ret_V_79_fu_3073_p2       |         +|   0|  0|  12|          12|          12|
    |ret_V_7_fu_953_p2         |         +|   0|  0|  12|          12|          12|
    |ret_V_80_fu_3117_p2       |         +|   0|  0|  12|          12|          12|
    |ret_V_81_fu_3161_p2       |         +|   0|  0|  12|          12|          12|
    |ret_V_82_fu_3205_p2       |         +|   0|  0|  12|          12|          12|
    |ret_V_83_fu_3249_p2       |         +|   0|  0|  12|          12|          12|
    |ret_V_84_fu_3293_p2       |         +|   0|  0|  12|          12|          12|
    |ret_V_85_fu_5730_p2       |         +|   0|  0|  12|          12|          12|
    |ret_V_8_fu_997_p2         |         +|   0|  0|  12|          12|          12|
    |ret_V_9_fu_1041_p2        |         +|   0|  0|  12|          12|          12|
    |ret_V_fu_645_p2           |         +|   0|  0|  12|          12|          12|
    |ret_V_100_fu_3753_p2      |         -|   0|  0|  12|          12|          12|
    |ret_V_101_fu_3803_p2      |         -|   0|  0|  12|          12|          12|
    |ret_V_102_fu_3853_p2      |         -|   0|  0|  12|          12|          12|
    |ret_V_103_fu_3903_p2      |         -|   0|  0|  12|          12|          12|
    |ret_V_104_fu_3953_p2      |         -|   0|  0|  12|          12|          12|
    |ret_V_105_fu_4003_p2      |         -|   0|  0|  12|          12|          12|
    |ret_V_106_fu_4053_p2      |         -|   0|  0|  12|          12|          12|
    |ret_V_107_fu_4103_p2      |         -|   0|  0|  12|          12|          12|
    |ret_V_108_fu_4153_p2      |         -|   0|  0|  12|          12|          12|
    |ret_V_109_fu_4203_p2      |         -|   0|  0|  12|          12|          12|
    |ret_V_110_fu_4253_p2      |         -|   0|  0|  12|          12|          12|
    |ret_V_111_fu_4303_p2      |         -|   0|  0|  12|          12|          12|
    |ret_V_112_fu_4353_p2      |         -|   0|  0|  12|          12|          12|
    |ret_V_113_fu_4403_p2      |         -|   0|  0|  12|          12|          12|
    |ret_V_114_fu_4453_p2      |         -|   0|  0|  12|          12|          12|
    |ret_V_115_fu_4503_p2      |         -|   0|  0|  12|          12|          12|
    |ret_V_116_fu_4553_p2      |         -|   0|  0|  12|          12|          12|
    |ret_V_117_fu_5838_p2      |         -|   0|  0|  12|          12|          12|
    |ret_V_120_fu_5859_p2      |         -|   0|  0|  12|           1|          12|
    |ret_V_121_fu_4637_p2      |         -|   0|  0|  12|          11|          11|
    |ret_V_122_fu_4669_p2      |         -|   0|  0|  11|          11|          11|
    |ret_V_25_fu_1609_p2       |         -|   0|  0|  12|          11|          11|
    |ret_V_26_fu_1641_p2       |         -|   0|  0|  11|          11|          11|
    |ret_V_27_fu_5354_p2       |         -|   0|  0|  12|           1|          12|
    |ret_V_30_fu_5392_p2       |         -|   0|  0|  12|          12|          12|
    |ret_V_31_fu_1735_p2       |         -|   0|  0|  12|          12|          12|
    |ret_V_32_fu_1785_p2       |         -|   0|  0|  12|          12|          12|
    |ret_V_33_fu_1835_p2       |         -|   0|  0|  12|          12|          12|
    |ret_V_34_fu_1885_p2       |         -|   0|  0|  12|          12|          12|
    |ret_V_35_fu_1935_p2       |         -|   0|  0|  12|          12|          12|
    |ret_V_36_fu_1985_p2       |         -|   0|  0|  12|          12|          12|
    |ret_V_37_fu_5430_p2       |         -|   0|  0|  12|          12|          12|
    |ret_V_40_fu_5451_p2       |         -|   0|  0|  12|           1|          12|
    |ret_V_41_fu_2069_p2       |         -|   0|  0|  12|          11|          11|
    |ret_V_42_fu_2101_p2       |         -|   0|  0|  11|          11|          11|
    |ret_V_57_fu_2493_p2       |         -|   0|  0|  12|          11|          11|
    |ret_V_58_fu_2525_p2       |         -|   0|  0|  11|          11|          11|
    |ret_V_59_fu_5558_p2       |         -|   0|  0|  12|           1|          12|
    |ret_V_62_fu_5596_p2       |         -|   0|  0|  12|          12|          12|
    |ret_V_63_fu_2619_p2       |         -|   0|  0|  12|          12|          12|
    |ret_V_64_fu_2669_p2       |         -|   0|  0|  12|          12|          12|
    |ret_V_65_fu_2719_p2       |         -|   0|  0|  12|          12|          12|
    |ret_V_66_fu_2769_p2       |         -|   0|  0|  12|          12|          12|
    |ret_V_67_fu_2819_p2       |         -|   0|  0|  12|          12|          12|
    |ret_V_68_fu_2869_p2       |         -|   0|  0|  12|          12|          12|
    |ret_V_69_fu_5634_p2       |         -|   0|  0|  12|          12|          12|
    |ret_V_72_fu_5655_p2       |         -|   0|  0|  12|           1|          12|
    |ret_V_73_fu_2953_p2       |         -|   0|  0|  12|          11|          11|
    |ret_V_74_fu_2985_p2       |         -|   0|  0|  11|          11|          11|
    |ret_V_89_fu_3377_p2       |         -|   0|  0|  12|          11|          11|
    |ret_V_90_fu_3409_p2       |         -|   0|  0|  11|          11|          11|
    |ret_V_91_fu_5762_p2       |         -|   0|  0|  12|           1|          12|
    |ret_V_94_fu_5800_p2       |         -|   0|  0|  12|          12|          12|
    |ret_V_95_fu_3503_p2       |         -|   0|  0|  12|          12|          12|
    |ret_V_96_fu_3553_p2       |         -|   0|  0|  12|          12|          12|
    |ret_V_97_fu_3603_p2       |         -|   0|  0|  12|          12|          12|
    |ret_V_98_fu_3653_p2       |         -|   0|  0|  12|          12|          12|
    |ret_V_99_fu_3703_p2       |         -|   0|  0|  12|          12|          12|
    |sub_ln1540_10_fu_1917_p2  |         -|   0|  0|  12|           1|          12|
    |sub_ln1540_12_fu_1967_p2  |         -|   0|  0|  12|           1|          12|
    |sub_ln1540_14_fu_5413_p2  |         -|   0|  0|  12|           1|          12|
    |sub_ln1540_20_fu_5579_p2  |         -|   0|  0|  12|           1|          12|
    |sub_ln1540_22_fu_2601_p2  |         -|   0|  0|  12|           1|          12|
    |sub_ln1540_24_fu_2651_p2  |         -|   0|  0|  12|           1|          12|
    |sub_ln1540_26_fu_2701_p2  |         -|   0|  0|  12|           1|          12|
    |sub_ln1540_28_fu_2751_p2  |         -|   0|  0|  12|           1|          12|
    |sub_ln1540_2_fu_1717_p2   |         -|   0|  0|  12|           1|          12|
    |sub_ln1540_30_fu_2801_p2  |         -|   0|  0|  12|           1|          12|
    |sub_ln1540_32_fu_2851_p2  |         -|   0|  0|  12|           1|          12|
    |sub_ln1540_34_fu_5617_p2  |         -|   0|  0|  12|           1|          12|
    |sub_ln1540_40_fu_5783_p2  |         -|   0|  0|  12|           1|          12|
    |sub_ln1540_42_fu_3485_p2  |         -|   0|  0|  12|           1|          12|
    |sub_ln1540_44_fu_3535_p2  |         -|   0|  0|  12|           1|          12|
    |sub_ln1540_46_fu_3585_p2  |         -|   0|  0|  12|           1|          12|
    |sub_ln1540_48_fu_3635_p2  |         -|   0|  0|  12|           1|          12|
    |sub_ln1540_4_fu_1767_p2   |         -|   0|  0|  12|           1|          12|
    |sub_ln1540_50_fu_3685_p2  |         -|   0|  0|  12|           1|          12|
    |sub_ln1540_52_fu_3735_p2  |         -|   0|  0|  12|           1|          12|
    |sub_ln1540_54_fu_3785_p2  |         -|   0|  0|  12|           1|          12|
    |sub_ln1540_56_fu_3835_p2  |         -|   0|  0|  12|           1|          12|
    |sub_ln1540_58_fu_3885_p2  |         -|   0|  0|  12|           1|          12|
    |sub_ln1540_60_fu_3935_p2  |         -|   0|  0|  12|           1|          12|
    |sub_ln1540_62_fu_3985_p2  |         -|   0|  0|  12|           1|          12|
    |sub_ln1540_64_fu_4035_p2  |         -|   0|  0|  12|           1|          12|
    |sub_ln1540_66_fu_4085_p2  |         -|   0|  0|  12|           1|          12|
    |sub_ln1540_68_fu_4135_p2  |         -|   0|  0|  12|           1|          12|
    |sub_ln1540_6_fu_1817_p2   |         -|   0|  0|  12|           1|          12|
    |sub_ln1540_70_fu_4185_p2  |         -|   0|  0|  12|           1|          12|
    |sub_ln1540_72_fu_4235_p2  |         -|   0|  0|  12|           1|          12|
    |sub_ln1540_74_fu_4285_p2  |         -|   0|  0|  12|           1|          12|
    |sub_ln1540_76_fu_4335_p2  |         -|   0|  0|  12|           1|          12|
    |sub_ln1540_78_fu_4385_p2  |         -|   0|  0|  12|           1|          12|
    |sub_ln1540_80_fu_4435_p2  |         -|   0|  0|  12|           1|          12|
    |sub_ln1540_82_fu_4485_p2  |         -|   0|  0|  12|           1|          12|
    |sub_ln1540_84_fu_4535_p2  |         -|   0|  0|  12|           1|          12|
    |sub_ln1540_86_fu_5821_p2  |         -|   0|  0|  12|           1|          12|
    |sub_ln1540_8_fu_1867_p2   |         -|   0|  0|  12|           1|          12|
    |sub_ln1540_fu_5375_p2     |         -|   0|  0|  12|           1|          12|
    |ap_enable_pp0             |       xor|   0|  0|   2|           1|           2|
    +--------------------------+----------+----+---+----+------------+------------+
    |Total                     |          |   0|  0|3402|        2591|        3098|
    +--------------------------+----------+----+---+----+------------+------------+

    * Multiplexer: 
    N/A

    * Register: 
    +-------------------------------+------+----+------+-----------+
    |              Name             |  FF  | LUT| Bits | Const Bits|
    +-------------------------------+------+----+------+-----------+
    |add_ln49_103_reg_6983          |    13|   0|    14|          1|
    |add_ln49_106_reg_6988          |    13|   0|    14|          1|
    |add_ln49_108_reg_7013          |    15|   0|    16|          1|
    |add_ln49_111_reg_6993          |    13|   0|    14|          1|
    |add_ln49_112_reg_6998          |    12|   0|    13|          1|
    |add_ln49_115_reg_7188          |    15|   0|    15|          0|
    |add_ln49_117_reg_7003          |    11|   0|    11|          0|
    |add_ln49_122_reg_7193          |    14|   0|    14|          0|
    |add_ln49_125_reg_7203          |    18|   0|    18|          0|
    |add_ln49_13_reg_6893           |    14|   0|    15|          1|
    |add_ln49_14_reg_7008           |    15|   0|    16|          1|
    |add_ln49_17_reg_6898           |    13|   0|    14|          1|
    |add_ln49_18_reg_6903           |    12|   0|    13|          1|
    |add_ln49_21_reg_7138           |    15|   0|    15|          0|
    |add_ln49_23_reg_6908           |    11|   0|    11|          0|
    |add_ln49_28_reg_7143           |    15|   0|    15|          0|
    |add_ln49_2_reg_6883            |    13|   0|    14|          1|
    |add_ln49_33_reg_6913           |    13|   0|    14|          1|
    |add_ln49_34_reg_6918           |    12|   0|    13|          1|
    |add_ln49_37_reg_7148           |    15|   0|    15|          0|
    |add_ln49_39_reg_6923           |    11|   0|    11|          0|
    |add_ln49_44_reg_7153           |    15|   0|    15|          0|
    |add_ln49_48_reg_6928           |    13|   0|    14|          1|
    |add_ln49_49_reg_6933           |    12|   0|    13|          1|
    |add_ln49_52_reg_7158           |    15|   0|    15|          0|
    |add_ln49_54_reg_6938           |    11|   0|    11|          0|
    |add_ln49_59_reg_7163           |    15|   0|    15|          0|
    |add_ln49_5_reg_6888            |    13|   0|    14|          1|
    |add_ln49_62_reg_7198           |    18|   0|    18|          0|
    |add_ln49_65_reg_6943           |    13|   0|    14|          1|
    |add_ln49_66_reg_6948           |    12|   0|    13|          1|
    |add_ln49_69_reg_7168           |    15|   0|    15|          0|
    |add_ln49_71_reg_6953           |    11|   0|    11|          0|
    |add_ln49_76_reg_7173           |    15|   0|    15|          0|
    |add_ln49_80_reg_6958           |    13|   0|    14|          1|
    |add_ln49_81_reg_6963           |    12|   0|    13|          1|
    |add_ln49_84_reg_7178           |    15|   0|    15|          0|
    |add_ln49_86_reg_6968           |    11|   0|    11|          0|
    |add_ln49_91_reg_7183           |    15|   0|    15|          0|
    |add_ln49_96_reg_6973           |    13|   0|    14|          1|
    |add_ln49_99_reg_6978           |    13|   0|    14|          1|
    |ap_CS_fsm                      |     1|   0|     1|          0|
    |ap_enable_reg_pp0_iter1        |     1|   0|     1|          0|
    |ap_enable_reg_pp0_iter2        |     1|   0|     1|          0|
    |ap_enable_reg_pp0_iter3        |     1|   0|     1|          0|
    |ap_enable_reg_pp0_iter4        |     1|   0|     1|          0|
    |ap_enable_reg_pp0_iter5        |     1|   0|     1|          0|
    |fir_int_int_shift_reg          |  1016|   0|  1016|          0|
    |tmp_22_reg_6631                |     8|   0|     8|          0|
    |tmp_22_reg_6631_pp0_iter1_reg  |     8|   0|     8|          0|
    |tmp_23_reg_6647                |     8|   0|     8|          0|
    |tmp_23_reg_6647_pp0_iter1_reg  |     8|   0|     8|          0|
    |tmp_25_reg_6652                |     8|   0|     8|          0|
    |tmp_25_reg_6652_pp0_iter1_reg  |     8|   0|     8|          0|
    |tmp_26_reg_6667                |     8|   0|     8|          0|
    |tmp_26_reg_6667_pp0_iter1_reg  |     8|   0|     8|          0|
    |tmp_33_reg_6673                |     8|   0|     8|          0|
    |tmp_33_reg_6673_pp0_iter1_reg  |     8|   0|     8|          0|
    |tmp_34_reg_6689                |     8|   0|     8|          0|
    |tmp_34_reg_6689_pp0_iter1_reg  |     8|   0|     8|          0|
    |tmp_36_reg_6694                |     8|   0|     8|          0|
    |tmp_36_reg_6694_pp0_iter1_reg  |     8|   0|     8|          0|
    |tmp_37_reg_6709                |     8|   0|     8|          0|
    |tmp_37_reg_6709_pp0_iter1_reg  |     8|   0|     8|          0|
    |tmp_44_reg_6715                |     8|   0|     8|          0|
    |tmp_44_reg_6715_pp0_iter1_reg  |     8|   0|     8|          0|
    |tmp_45_reg_6731                |     8|   0|     8|          0|
    |tmp_45_reg_6731_pp0_iter1_reg  |     8|   0|     8|          0|
    |tmp_47_reg_6736                |     8|   0|     8|          0|
    |tmp_47_reg_6736_pp0_iter1_reg  |     8|   0|     8|          0|
    |tmp_48_reg_6751                |     8|   0|     8|          0|
    |tmp_48_reg_6751_pp0_iter1_reg  |     8|   0|     8|          0|
    |tmp_55_reg_6757                |     8|   0|     8|          0|
    |tmp_55_reg_6757_pp0_iter1_reg  |     8|   0|     8|          0|
    |tmp_56_reg_6773                |     8|   0|     8|          0|
    |tmp_56_reg_6773_pp0_iter1_reg  |     8|   0|     8|          0|
    |tmp_58_reg_6778                |     8|   0|     8|          0|
    |tmp_58_reg_6778_pp0_iter1_reg  |     8|   0|     8|          0|
    |tmp_59_reg_6793                |     8|   0|     8|          0|
    |tmp_59_reg_6793_pp0_iter1_reg  |     8|   0|     8|          0|
    |tmp_66_reg_6799                |     8|   0|     8|          0|
    |tmp_66_reg_6799_pp0_iter1_reg  |     8|   0|     8|          0|
    |tmp_67_reg_6815                |     8|   0|     8|          0|
    |tmp_67_reg_6815_pp0_iter1_reg  |     8|   0|     8|          0|
    |tmp_69_reg_6820                |     8|   0|     8|          0|
    |tmp_69_reg_6820_pp0_iter1_reg  |     8|   0|     8|          0|
    |tmp_70_reg_6835                |     8|   0|     8|          0|
    |tmp_70_reg_6835_pp0_iter1_reg  |     8|   0|     8|          0|
    |tmp_93_reg_6841                |     8|   0|     8|          0|
    |tmp_93_reg_6841_pp0_iter1_reg  |     8|   0|     8|          0|
    |tmp_94_reg_6857                |     8|   0|     8|          0|
    |tmp_94_reg_6857_pp0_iter1_reg  |     8|   0|     8|          0|
    |tmp_96_reg_6862                |     8|   0|     8|          0|
    |tmp_96_reg_6862_pp0_iter1_reg  |     8|   0|     8|          0|
    |tmp_97_reg_6877                |     1|   0|     1|          0|
    |tmp_97_reg_6877_pp0_iter1_reg  |     1|   0|     1|          0|
    |add_ln49_108_reg_7013          |    64|  32|    16|          1|
    |add_ln49_111_reg_6993          |    64|  32|    14|          1|
    |add_ln49_112_reg_6998          |    64|  32|    13|          1|
    |add_ln49_117_reg_7003          |    64|  32|    11|          0|
    |add_ln49_14_reg_7008           |    64|  32|    16|          1|
    |add_ln49_17_reg_6898           |    64|  32|    14|          1|
    |add_ln49_18_reg_6903           |    64|  32|    13|          1|
    |add_ln49_23_reg_6908           |    64|  32|    11|          0|
    |add_ln49_33_reg_6913           |    64|  32|    14|          1|
    |add_ln49_34_reg_6918           |    64|  32|    13|          1|
    |add_ln49_39_reg_6923           |    64|  32|    11|          0|
    |add_ln49_48_reg_6928           |    64|  32|    14|          1|
    |add_ln49_49_reg_6933           |    64|  32|    13|          1|
    |add_ln49_54_reg_6938           |    64|  32|    11|          0|
    |add_ln49_65_reg_6943           |    64|  32|    14|          1|
    |add_ln49_66_reg_6948           |    64|  32|    13|          1|
    |add_ln49_71_reg_6953           |    64|  32|    11|          0|
    |add_ln49_80_reg_6958           |    64|  32|    14|          1|
    |add_ln49_81_reg_6963           |    64|  32|    13|          1|
    |add_ln49_86_reg_6968           |    64|  32|    11|          0|
    +-------------------------------+------+----+------+-----------+
    |Total                          |  3225| 640|  2226|         35|
    +-------------------------------+------+----+------+-----------+



================================================================
== Interface
================================================================
* Summary: 
+----------+-----+-----+------------+--------------+--------------+
| RTL Ports| Dir | Bits|  Protocol  | Source Object|    C Type    |
+----------+-----+-----+------------+--------------+--------------+
|ap_clk    |   in|    1|  ap_ctrl_hs|           fir|  return value|
|ap_rst    |   in|    1|  ap_ctrl_hs|           fir|  return value|
|ap_start  |   in|    1|  ap_ctrl_hs|           fir|  return value|
|ap_done   |  out|    1|  ap_ctrl_hs|           fir|  return value|
|ap_idle   |  out|    1|  ap_ctrl_hs|           fir|  return value|
|ap_ready  |  out|    1|  ap_ctrl_hs|           fir|  return value|
|y         |  out|   32|      ap_vld|             y|       pointer|
|y_ap_vld  |  out|    1|      ap_vld|             y|       pointer|
|x         |   in|   32|     ap_none|             x|        scalar|
+----------+-----+-----+------------+--------------+--------------+

